This is pdfTeX, Version 3.141592653-2.6-1.40.28 (MiKTeX 25.12) (preloaded format=pdflatex 2026.5.22)  2 JUN 2026 10:32
entering extended mode
 restricted \write18 enabled.
 %&-line parsing enabled.
**./main.tex
(main.tex
LaTeX2e <2025-11-01>
L3 programming layer <2025-12-24>
(D:\wnOs\prgs\developTools\mikTex\tex/latex/base\report.cls
Document Class: report 2025/01/22 v1.4n Standard LaTeX document class
(D:\wnOs\prgs\developTools\mikTex\tex/latex/base\size12.clo
File: size12.clo 2025/01/22 v1.4n Standard LaTeX file (size option)
)
\c@part=\count275
\c@chapter=\count276
\c@section=\count277
\c@subsection=\count278
\c@subsubsection=\count279
\c@paragraph=\count280
\c@subparagraph=\count281
\c@figure=\count282
\c@table=\count283
\abovecaptionskip=\skip49
\belowcaptionskip=\skip50
\bibindent=\dimen148
)
(D:\wnOs\prgs\developTools\mikTex\tex/latex/base\inputenc.sty
Package: inputenc 2024/02/08 v1.3d Input encoding file
\inpenc@prehook=\toks17
\inpenc@posthook=\toks18
)
(D:\wnOs\prgs\developTools\mikTex\tex/latex/base\fontenc.sty
Package: fontenc 2025/07/18 v2.1d Standard LaTeX package
)
(D:\wnOs\prgs\developTools\mikTex\tex/generic/babel\babel.sty
Package: babel 2025/12/11 v25.17 The multilingual framework for LuaLaTeX, pdfLa
TeX and XeLaTeX
\babel@savecnt=\count284
LaTeX Encoding Info:    Redeclaring text command \ij (encoding OT1) on input li
ne 2068.
LaTeX Encoding Info:    Redeclaring text command \IJ (encoding OT1) on input li
ne 2070.
LaTeX Encoding Info:    Redeclaring text command \ij (encoding T1) on input lin
e 2072.
LaTeX Encoding Info:    Redeclaring text command \IJ (encoding T1) on input lin
e 2073.
LaTeX Encoding Info:    Ignoring declaration for text command \ij (encoding ?) 
on input line 2074.
LaTeX Encoding Info:    Ignoring declaration for text command \IJ (encoding ?) 
on input line 2076.
LaTeX Encoding Info:    Ignoring declaration for text command \SS (encoding ?) 
on input line 2101.
\U@D=\dimen149
\l@unhyphenated=\language79

(D:\wnOs\prgs\developTools\mikTex\tex/generic/babel\txtbabel.def)
\bbl@readstream=\read2
\bbl@dirlevel=\count285
Package babel Info: Configuration files are deprecated, as
(babel)             they can break document portability.
(babel)             Reported on input line 4196.

*************************************
* Local config file bblopts.cfg used
*
(D:\wnOs\prgs\developTools\mikTex\tex/latex/arabi\bblopts.cfg
File: bblopts.cfg 2005/09/08 v0.1 add Arabic and Farsi to "declared" options of
 babel
)
(D:\wnOs\prgs\developTools\mikTex\tex/generic/babel/locale/es\babel-spanish.tex
)
Package babel Info: Importing font and identification data for spanish
(babel)             from babel-es.ini. Reported on input line 4320.
 (C:\Users\mateo\AppData\Roaming\MiKTeX\tex/latex/babel-spanish\spanish.ldf
Language: spanish.ldf 2021/05/27 v5.0q Spanish support from the babel system
\es@quottoks=\toks19
\es@quotdepth=\count286
Package babel Info: Making " an active character on input line 570.
Package babel Info: Making . an active character on input line 675.
Package babel Info: Making < an active character on input line 722.
Package babel Info: Making > an active character on input line 722.
))
LaTeX Encoding Info:    Redeclaring text command \guillemotleft (encoding OT1) 
on input line 9.
LaTeX Encoding Info:    Redeclaring text command \guillemotright (encoding OT1)
 on input line 9.

(C:\Users\mateo\AppData\Roaming\MiKTeX\tex/latex/csquotes\csquotes.sty
Package: csquotes 2026-05-19 v5.2p context-sensitive quotations (JAW)

(D:\wnOs\prgs\developTools\mikTex\tex/latex/etoolbox\etoolbox.sty
Package: etoolbox 2025/10/02 v2.5m e-TeX tools for LaTeX (JAW)
\etb@tempcnta=\count287
)
(D:\wnOs\prgs\developTools\mikTex\tex/latex/graphics\keyval.sty
Package: keyval 2022/05/29 v1.15 key=value parser (DPC)
\KV@toks@=\toks20
)
\csq@reset=\count288
\csq@gtype=\count289
\csq@glevel=\count290
\csq@qlevel=\count291
\csq@maxlvl=\count292
\csq@tshold=\count293
\csq@ltx@everypar=\toks21

(C:\Users\mateo\AppData\Roaming\MiKTeX\tex/latex/csquotes\csquotes.def
File: csquotes.def 2026-05-19 v5.2p csquotes generic definitions (JAW)
)
Package csquotes Info: Trying to load configuration file 'csquotes.cfg'...
Package csquotes Info: ... configuration file loaded successfully.

(C:\Users\mateo\AppData\Roaming\MiKTeX\tex/latex/csquotes\csquotes.cfg
File: csquotes.cfg 
))
(C:\Users\mateo\AppData\Roaming\MiKTeX\tex/latex/geometry\geometry.sty
Package: geometry 2026/03/07 v6.0 Page Geometry

(D:\wnOs\prgs\developTools\mikTex\tex/generic/iftex\ifvtex.sty
Package: ifvtex 2019/10/25 v1.7 ifvtex legacy package. Use iftex instead.

(D:\wnOs\prgs\developTools\mikTex\tex/generic/iftex\iftex.sty
Package: iftex 2024/12/12 v1.0g TeX engine tests
))
\Gm@cnth=\count294
\Gm@cntv=\count295
\c@Gm@tempcnt=\count296
\Gm@bindingoffset=\dimen150
\Gm@wd@mp=\dimen151
\Gm@odd@mp=\dimen152
\Gm@even@mp=\dimen153
\Gm@layoutwidth=\dimen154
\Gm@layoutheight=\dimen155
\Gm@layouthoffset=\dimen156
\Gm@layoutvoffset=\dimen157
\Gm@dimlist=\toks22

(C:\Users\mateo\AppData\Roaming\MiKTeX\tex/latex/geometry\geometry.cfg))
(D:\wnOs\prgs\developTools\mikTex\tex/latex/graphics\graphicx.sty
Package: graphicx 2024/12/31 v1.2e Enhanced LaTeX Graphics (DPC,SPQR)

(D:\wnOs\prgs\developTools\mikTex\tex/latex/graphics\graphics.sty
Package: graphics 2024/08/06 v1.4g Standard LaTeX Graphics (DPC,SPQR)

(D:\wnOs\prgs\developTools\mikTex\tex/latex/graphics\trig.sty
Package: trig 2023/12/02 v1.11 sin cos tan (DPC)
)
(D:\wnOs\prgs\developTools\mikTex\tex/latex/graphics-cfg\graphics.cfg
File: graphics.cfg 2016/06/04 v1.11 sample graphics configuration
)
Package graphics Info: Driver file: pdftex.def on input line 106.

(D:\wnOs\prgs\developTools\mikTex\tex/latex/graphics-def\pdftex.def
File: pdftex.def 2025/09/29 v1.2d Graphics/color driver for pdftex
))
\Gin@req@height=\dimen158
\Gin@req@width=\dimen159
)
(C:\Users\mateo\AppData\Roaming\MiKTeX\tex/latex/float\float.sty
Package: float 2001/11/08 v1.3d Float enhancements (AL)
\c@float@type=\count297
\float@exts=\toks23
\float@box=\box53
\@float@everytoks=\toks24
\@floatcapt=\box54
)
(C:\Users\mateo\AppData\Roaming\MiKTeX\tex/latex/booktabs\booktabs.sty
Package: booktabs 2020/01/12 v1.61803398 Publication quality tables
\heavyrulewidth=\dimen160
\lightrulewidth=\dimen161
\cmidrulewidth=\dimen162
\belowrulesep=\dimen163
\belowbottomsep=\dimen164
\aboverulesep=\dimen165
\abovetopsep=\dimen166
\cmidrulesep=\dimen167
\cmidrulekern=\dimen168
\defaultaddspace=\dimen169
\@cmidla=\count298
\@cmidlb=\count299
\@aboverulesep=\dimen170
\@belowrulesep=\dimen171
\@thisruleclass=\count300
\@lastruleclass=\count301
\@thisrulewidth=\dimen172
)
(D:\wnOs\prgs\developTools\mikTex\tex/latex/tools\longtable.sty
Package: longtable 2025-10-13 v4.24 Multi-page Table package (DPC)
\LTleft=\skip51
\LTright=\skip52
\LTpre=\skip53
\LTpost=\skip54
\LTchunksize=\count302
\LTcapwidth=\dimen173
\LT@head=\box55
\LT@firsthead=\box56
\LT@foot=\box57
\LT@lastfoot=\box58
\LT@gbox=\box59
\LT@cols=\count303
\LT@rows=\count304
\c@LT@tables=\count305
\c@LT@chunks=\count306
\LT@p@ftn=\toks25
)
(D:\wnOs\prgs\developTools\mikTex\tex/latex/tools\array.sty
Package: array 2025/09/25 v2.6n Tabular extension package (FMi)
\col@sep=\dimen174
\ar@mcellbox=\box60
\extrarowheight=\dimen175
\NC@list=\toks26
\extratabsurround=\skip55
\backup@length=\skip56
\ar@cellbox=\box61
)
(D:\wnOs\prgs\developTools\mikTex\tex/latex/tools\tabularx.sty
Package: tabularx 2023/12/11 v2.12a `tabularx' package (DPC)
\TX@col@width=\dimen176
\TX@old@table=\dimen177
\TX@old@col=\dimen178
\TX@target=\dimen179
\TX@delta=\dimen180
\TX@cols=\count307
\TX@ftn=\toks27
)
(D:\wnOs\prgs\developTools\mikTex\tex/latex/hyperref\hyperref.sty
Package: hyperref 2025-07-12 v7.01o Hypertext links for LaTeX

(C:\Users\mateo\AppData\Roaming\MiKTeX\tex/latex/kvsetkeys\kvsetkeys.sty
Package: kvsetkeys 2022-10-05 v1.19 Key value parser (HO)
)
(C:\Users\mateo\AppData\Roaming\MiKTeX\tex/generic/kvdefinekeys\kvdefinekeys.st
y
Package: kvdefinekeys 2019-12-19 v1.6 Define keys (HO)
) (C:\Users\mateo\AppData\Roaming\MiKTeX\tex/generic/pdfescape\pdfescape.sty
Package: pdfescape 2019/12/09 v1.15 Implements pdfTeX's escape features (HO)

(C:\Users\mateo\AppData\Roaming\MiKTeX\tex/generic/ltxcmds\ltxcmds.sty
Package: ltxcmds 2023-12-04 v1.26 LaTeX kernel commands for general use (HO)
)
(D:\wnOs\prgs\developTools\mikTex\tex/generic/pdftexcmds\pdftexcmds.sty
Package: pdftexcmds 2020-06-27 v0.33 Utility functions of pdfTeX for LuaTeX (HO
)

(C:\Users\mateo\AppData\Roaming\MiKTeX\tex/generic/infwarerr\infwarerr.sty
Package: infwarerr 2019/12/03 v1.5 Providing info/warning/error messages (HO)
)
Package pdftexcmds Info: \pdf@primitive is available.
Package pdftexcmds Info: \pdf@ifprimitive is available.
Package pdftexcmds Info: \pdfdraftmode found.
))
(C:\Users\mateo\AppData\Roaming\MiKTeX\tex/latex/hycolor\hycolor.sty
Package: hycolor 2020-01-27 v1.10 Color options for hyperref/bookmark (HO)
)
(D:\wnOs\prgs\developTools\mikTex\tex/latex/hyperref\nameref.sty
Package: nameref 2025-06-21 v2.57 Cross-referencing by name of section

(C:\Users\mateo\AppData\Roaming\MiKTeX\tex/latex/refcount\refcount.sty
Package: refcount 2019/12/15 v3.6 Data extraction from label references (HO)
)
(C:\Users\mateo\AppData\Roaming\MiKTeX\tex/generic/gettitlestring\gettitlestrin
g.sty
Package: gettitlestring 2019/12/15 v1.6 Cleanup title references (HO)
 (C:\Users\mateo\AppData\Roaming\MiKTeX\tex/latex/kvoptions\kvoptions.sty
Package: kvoptions 2022-06-15 v3.15 Key value format for package options (HO)
))
\c@section@level=\count308
) (C:\Users\mateo\AppData\Roaming\MiKTeX\tex/generic/stringenc\stringenc.sty
Package: stringenc 2019/11/29 v1.12 Convert strings between diff. encodings (HO
)
)
\@linkdim=\dimen181
\Hy@linkcounter=\count309
\Hy@pagecounter=\count310

(D:\wnOs\prgs\developTools\mikTex\tex/latex/hyperref\pd1enc.def
File: pd1enc.def 2025-07-12 v7.01o Hyperref: PDFDocEncoding definition (HO)
Now handling font encoding PD1 ...
... no UTF-8 mapping file for font encoding PD1
)
(C:\Users\mateo\AppData\Roaming\MiKTeX\tex/generic/intcalc\intcalc.sty
Package: intcalc 2019/12/15 v1.3 Expandable calculations with integers (HO)
)
\Hy@SavedSpaceFactor=\count311

(D:\wnOs\prgs\developTools\mikTex\tex/latex/hyperref\puenc.def
File: puenc.def 2025-07-12 v7.01o Hyperref: PDF Unicode definition (HO)
Now handling font encoding PU ...
... no UTF-8 mapping file for font encoding PU
)
Package hyperref Info: Hyper figures OFF on input line 4195.
Package hyperref Info: Link nesting OFF on input line 4200.
Package hyperref Info: Hyper index ON on input line 4203.
Package hyperref Info: Plain pages OFF on input line 4210.
Package hyperref Info: Backreferencing OFF on input line 4215.
Package hyperref Info: Implicit mode ON; LaTeX internals redefined.
Package hyperref Info: Bookmarks ON on input line 4462.
\c@Hy@tempcnt=\count312

(D:\wnOs\prgs\developTools\mikTex\tex/latex/url\url.sty
\Urlmuskip=\muskip17
Package: url 2013/09/16  ver 3.4  Verb mode for urls, etc.
)
LaTeX Info: Redefining \url on input line 4801.
\XeTeXLinkMargin=\dimen182

(C:\Users\mateo\AppData\Roaming\MiKTeX\tex/generic/bitset\bitset.sty
Package: bitset 2019/12/09 v1.3 Handle bit-vector datatype (HO)

(C:\Users\mateo\AppData\Roaming\MiKTeX\tex/generic/bigintcalc\bigintcalc.sty
Package: bigintcalc 2019/12/15 v1.5 Expandable calculations on big integers (HO
)
))
\Fld@menulength=\count313
\Field@Width=\dimen183
\Fld@charsize=\dimen184
Package hyperref Info: Hyper figures OFF on input line 6078.
Package hyperref Info: Link nesting OFF on input line 6083.
Package hyperref Info: Hyper index ON on input line 6086.
Package hyperref Info: backreferencing OFF on input line 6093.
Package hyperref Info: Link coloring OFF on input line 6098.
Package hyperref Info: Link coloring with OCG OFF on input line 6103.
Package hyperref Info: PDF/A mode OFF on input line 6108.
\Hy@abspage=\count314
\c@Item=\count315
\c@Hfootnote=\count316
)
Package hyperref Info: Driver (autodetected): hpdftex.
(D:\wnOs\prgs\developTools\mikTex\tex/latex/hyperref\hpdftex.def
File: hpdftex.def 2025-07-12 v7.01o Hyperref driver for pdfTeX
\Fld@listcount=\count317
\c@bookmark@seq@number=\count318

(C:\Users\mateo\AppData\Roaming\MiKTeX\tex/latex/rerunfilecheck\rerunfilecheck.
sty
Package: rerunfilecheck 2025-06-21 v1.11 Rerun checks for auxiliary files (HO)

(C:\Users\mateo\AppData\Roaming\MiKTeX\tex/generic/uniquecounter\uniquecounter.
sty
Package: uniquecounter 2019/12/15 v1.4 Provide unlimited unique counter (HO)
)
Package uniquecounter Info: New unique counter `rerunfilecheck' on input line 2
84.
)
\Hy@SectionHShift=\skip57
) (D:\wnOs\prgs\developTools\mikTex\tex/latex/xcolor\xcolor.sty
Package: xcolor 2024/09/29 v3.02 LaTeX color extensions (UK)

(D:\wnOs\prgs\developTools\mikTex\tex/latex/graphics-cfg\color.cfg
File: color.cfg 2016/01/02 v1.6 sample color configuration
)
Package xcolor Info: Driver file: pdftex.def on input line 274.

(D:\wnOs\prgs\developTools\mikTex\tex/latex/graphics\mathcolor.ltx)
Package xcolor Info: Model `cmy' substituted by `cmy0' on input line 1349.
Package xcolor Info: Model `hsb' substituted by `rgb' on input line 1353.
Package xcolor Info: Model `RGB' extended on input line 1365.
Package xcolor Info: Model `HTML' substituted by `rgb' on input line 1367.
Package xcolor Info: Model `Hsb' substituted by `hsb' on input line 1368.
Package xcolor Info: Model `tHsb' substituted by `hsb' on input line 1369.
Package xcolor Info: Model `HSB' substituted by `hsb' on input line 1370.
Package xcolor Info: Model `Gray' substituted by `gray' on input line 1371.
Package xcolor Info: Model `wave' substituted by `hsb' on input line 1372.
)
(C:\Users\mateo\AppData\Roaming\MiKTeX\tex/latex/enumitem\enumitem.sty
Package: enumitem 2025/02/06 v3.11 Customized lists
\labelindent=\skip58
\enit@outerparindent=\dimen185
\enit@toks=\toks28
\enit@inbox=\box62
\enit@count@id=\count319
\enitdp@description=\count320
)
(D:\wnOs\prgs\developTools\mikTex\tex/latex/amsmath\amsmath.sty
Package: amsmath 2025/07/09 v2.17z AMS math features
\@mathmargin=\skip59

For additional information on amsmath, use the `?' option.
(D:\wnOs\prgs\developTools\mikTex\tex/latex/amsmath\amstext.sty
Package: amstext 2024/11/17 v2.01 AMS text

(D:\wnOs\prgs\developTools\mikTex\tex/latex/amsmath\amsgen.sty
File: amsgen.sty 1999/11/30 v2.0 generic functions
\@emptytoks=\toks29
\ex@=\dimen186
))
(D:\wnOs\prgs\developTools\mikTex\tex/latex/amsmath\amsbsy.sty
Package: amsbsy 1999/11/29 v1.2d Bold Symbols
\pmbraise@=\dimen187
)
(D:\wnOs\prgs\developTools\mikTex\tex/latex/amsmath\amsopn.sty
Package: amsopn 2022/04/08 v2.04 operator names
)
\inf@bad=\count321
LaTeX Info: Redefining \frac on input line 233.
\uproot@=\count322
\leftroot@=\count323
LaTeX Info: Redefining \overline on input line 398.
LaTeX Info: Redefining \colon on input line 409.
\classnum@=\count324
\DOTSCASE@=\count325
LaTeX Info: Redefining \ldots on input line 495.
LaTeX Info: Redefining \dots on input line 498.
LaTeX Info: Redefining \cdots on input line 619.
\Mathstrutbox@=\box63
\strutbox@=\box64
LaTeX Info: Redefining \big on input line 721.
LaTeX Info: Redefining \Big on input line 722.
LaTeX Info: Redefining \bigg on input line 723.
LaTeX Info: Redefining \Bigg on input line 724.
\big@size=\dimen188
LaTeX Font Info:    Redeclaring font encoding OML on input line 742.
LaTeX Font Info:    Redeclaring font encoding OMS on input line 743.
\macc@depth=\count326
LaTeX Info: Redefining \bmod on input line 904.
LaTeX Info: Redefining \pmod on input line 909.
LaTeX Info: Redefining \smash on input line 939.
LaTeX Info: Redefining \relbar on input line 969.
LaTeX Info: Redefining \Relbar on input line 970.
\c@MaxMatrixCols=\count327
\dotsspace@=\muskip18
\c@parentequation=\count328
\dspbrk@lvl=\count329
\tag@help=\toks30
\row@=\count330
\column@=\count331
\maxfields@=\count332
\andhelp@=\toks31
\eqnshift@=\dimen189
\alignsep@=\dimen190
\tagshift@=\dimen191
\tagwidth@=\dimen192
\totwidth@=\dimen193
\lineht@=\dimen194
\@envbody=\toks32
\multlinegap=\skip60
\multlinetaggap=\skip61
\mathdisplay@stack=\toks33
LaTeX Info: Redefining \[ on input line 2950.
LaTeX Info: Redefining \] on input line 2951.
)
(D:\wnOs\prgs\developTools\mikTex\tex/latex/amsfonts\amssymb.sty
Package: amssymb 2013/01/14 v3.01 AMS font symbols

(D:\wnOs\prgs\developTools\mikTex\tex/latex/amsfonts\amsfonts.sty
Package: amsfonts 2013/01/14 v3.01 Basic AMSFonts support
\symAMSa=\mathgroup4
\symAMSb=\mathgroup5
LaTeX Font Info:    Redeclaring math symbol \hbar on input line 98.
LaTeX Font Info:    Overwriting math alphabet `\mathfrak' in version `bold'
(Font)                  U/euf/m/n --> U/euf/b/n on input line 106.
))
(C:\Users\mateo\AppData\Roaming\MiKTeX\tex/latex/caption\caption.sty
Package: caption 2023/08/05 v3.6o Customizing captions (AR)

(C:\Users\mateo\AppData\Roaming\MiKTeX\tex/latex/caption\caption3.sty
Package: caption3 2023/07/31 v2.4d caption3 kernel (AR)
\caption@tempdima=\dimen195
\captionmargin=\dimen196
\caption@leftmargin=\dimen197
\caption@rightmargin=\dimen198
\caption@width=\dimen199
\caption@indent=\dimen256
\caption@parindent=\dimen257
\caption@hangindent=\dimen258
Package caption Info: Standard document class detected.
)
\c@caption@flags=\count333
\c@continuedfloat=\count334
Package caption Info: float package is loaded.
Package caption Info: hyperref package is loaded.
Package caption Info: longtable package is loaded.

(C:\Users\mateo\AppData\Roaming\MiKTeX\tex/latex/caption\ltcaption.sty
Package: ltcaption 2021/01/08 v1.4c longtable captions (AR)
))
(C:\Users\mateo\AppData\Roaming\MiKTeX\tex/latex/caption\subcaption.sty
Package: subcaption 2023/07/28 v1.6b Sub-captions (AR)
Package caption Info: New subtype `subfigure' on input line 238.
\c@subfigure=\count335
Package caption Info: New subtype `subtable' on input line 238.
\c@subtable=\count336
)
(D:\wnOs\prgs\developTools\mikTex\tex/latex/base\ifthen.sty
Package: ifthen 2024/03/16 v1.1e Standard LaTeX ifthen package (DPC)
)
Package hyperref Info: Option `colorlinks' set `true' on input line 41.
Package csquotes Info: Checking for multilingual support...
Package csquotes Info: ... found 'babel' package.
Package csquotes Info: Adjusting default style.
Package csquotes Info: Redefining alias 'default' -> 'spanish'.

(D:\wnOs\prgs\developTools\mikTex\tex/latex/l3backend\l3backend-pdftex.def
File: l3backend-pdftex.def 2025-10-09 L3 backend support: PDF output (pdfTeX)
\l__color_backend_stack_int=\count337
)
(main.aux
LaTeX Info: Redefining \. on input line 11.
LaTeX Info: Redefining \% on input line 11.
Package babel Info: 'spanish' activates 'spanish' shorthands.
(babel)             Reported on input line 11.
)
\openout1 = `main.aux'.

LaTeX Font Info:    Checking defaults for OML/cmm/m/it on input line 181.
LaTeX Font Info:    ... okay on input line 181.
LaTeX Font Info:    Checking defaults for OMS/cmsy/m/n on input line 181.
LaTeX Font Info:    ... okay on input line 181.
LaTeX Font Info:    Checking defaults for OT1/cmr/m/n on input line 181.
LaTeX Font Info:    ... okay on input line 181.
LaTeX Font Info:    Checking defaults for T1/cmr/m/n on input line 181.
LaTeX Font Info:    ... okay on input line 181.
LaTeX Font Info:    Checking defaults for TS1/cmr/m/n on input line 181.
LaTeX Font Info:    ... okay on input line 181.
LaTeX Font Info:    Checking defaults for OMX/cmex/m/n on input line 181.
LaTeX Font Info:    ... okay on input line 181.
LaTeX Font Info:    Checking defaults for U/cmr/m/n on input line 181.
LaTeX Font Info:    ... okay on input line 181.
LaTeX Font Info:    Checking defaults for PD1/pdf/m/n on input line 181.
LaTeX Font Info:    ... okay on input line 181.
LaTeX Font Info:    Checking defaults for PU/pdf/m/n on input line 181.
LaTeX Font Info:    ... okay on input line 181.
LaTeX Info: Redefining \. on input line 181.
LaTeX Info: Redefining \% on input line 181.

*geometry* driver: auto-detecting
*geometry* detected driver: pdftex
*geometry* verbose mode - [ preamble ] result:
* driver: pdftex
* paper: letterpaper
* layout: <same size as paper>
* layoutoffset:(h,v)=(0.0pt,0.0pt)
* modes: 
* h-part:(L,W,R)=(85.35826pt, 457.80486pt, 71.13188pt)
* v-part:(T,H,B)=(85.35826pt, 624.25346pt, 85.35826pt)
* \paperwidth=614.295pt
* \paperheight=794.96999pt
* \textwidth=457.80486pt
* \textheight=624.25346pt
* \oddsidemargin=13.08827pt
* \evensidemargin=13.08827pt
* \topmargin=-23.91173pt
* \headheight=12.0pt
* \headsep=25.0pt
* \topskip=12.0pt
* \footskip=30.0pt
* \marginparwidth=44.0pt
* \marginparsep=10.0pt
* \columnsep=10.0pt
* \skip\footins=10.8pt plus 4.0pt minus 2.0pt
* \hoffset=0.0pt
* \voffset=0.0pt
* \mag=1000
* \@twocolumnfalse
* \@twosidefalse
* \@mparswitchfalse
* \@reversemarginfalse
* (1in=72.27pt=25.4mm, 1cm=28.453pt)

(D:\wnOs\prgs\developTools\mikTex\tex/context/base/mkii\supp-pdf.mkii
[Loading MPS to PDF converter (version 2006.09.02).]
\scratchcounter=\count338
\scratchdimen=\dimen259
\scratchbox=\box65
\nofMPsegments=\count339
\nofMParguments=\count340
\everyMPshowfont=\toks34
\MPscratchCnt=\count341
\MPscratchDim=\dimen260
\MPnumerator=\count342
\makeMPintoPDFobject=\count343
\everyMPtoPDFconversion=\toks35
) (D:\wnOs\prgs\developTools\mikTex\tex/latex/epstopdf-pkg\epstopdf-base.sty
Package: epstopdf-base 2020-01-24 v2.11 Base part for package epstopdf
Package epstopdf-base Info: Redefining graphics rule for `.eps' on input line 4
85.

(D:\wnOs\prgs\developTools\mikTex\tex/latex/00miktex\epstopdf-sys.cfg
File: epstopdf-sys.cfg 2021/03/18 v2.0 Configuration of epstopdf for MiKTeX
))
Package hyperref Info: Link coloring ON on input line 181.

(main.out) (main.out)
\@outlinefile=\write3
\openout3 = `main.out'.

Package caption Info: Begin \AtBeginDocument code.
Package caption Info: End \AtBeginDocument code.
LaTeX Font Info:    Trying to load font information for U+msa on input line 184
.

(D:\wnOs\prgs\developTools\mikTex\tex/latex/amsfonts\umsa.fd
File: umsa.fd 2013/01/14 v3.01 AMS symbols A
)
LaTeX Font Info:    Trying to load font information for U+msb on input line 184
.

(D:\wnOs\prgs\developTools\mikTex\tex/latex/amsfonts\umsb.fd
File: umsb.fd 2013/01/14 v3.01 AMS symbols B
) [1

{C:/Users/mateo/AppData/Local/MiKTeX/fonts/map/pdftex/pdftex.map}] (main.toc
LaTeX Info: Redefining \. on input line 1.
LaTeX Info: Redefining \% on input line 1.

pdfTeX warning (ext4): destination with the same identifier (name{page.1}) has 
been already used, duplicate ignored
<to be read again> 
                   \relax 
l.31 ...as, salidas e interfaces}{21}{section.2.4}
                                                  % [1

] [2] [3] [4] [5]
[6] [7] [8])
\tf@toc=\write4
\openout4 = `main.toc'.

 [9] (main.lof
LaTeX Info: Redefining \. on input line 1.
LaTeX Info: Redefining \% on input line 1.
)
\tf@lof=\write5
\openout5 = `main.lof'.

 [10

] (main.lot
LaTeX Info: Redefining \. on input line 1.
LaTeX Info: Redefining \% on input line 1.
)
\tf@lot=\write6
\openout6 = `main.lot'.

 (section/1_introduction.tex
[11

]
Cap\'{\i }tulo 1.
[12

] [13] [14]) (section/2_requirements-restrictions.tex [15]
Cap\'{\i }tulo 2.
[16

]
Underfull \hbox (badness 6141) in paragraph at lines 63--63
[]|\T1/cmr/m/n/12 Ajustable me-dian-te se-lec-ción de pun-tos FFT. $\OML/cmm/m/
it/12 RBW \OT1/cmr/m/n/12 =
 []

[17] [18] [19] [20] [21] [22]
Underfull \hbox (badness 10000) in paragraph at lines 226--226
[]|\T1/cmr/m/n/12 Subtensión
 []


Underfull \hbox (badness 10000) in paragraph at lines 226--226
\T1/cmr/m/n/12 del no-do
 []


Underfull \hbox (badness 10000) in paragraph at lines 226--226
\T1/cmr/m/n/12 ba-jo car-ga
 []


Underfull \hbox (badness 10000) in paragraph at lines 226--226
[]|\T1/cmr/m/n/12 Caídas de
 []


Underfull \hbox (badness 10000) in paragraph at lines 226--226
\T1/cmr/m/n/12 vol-ta-je en
 []


Underfull \hbox (badness 10000) in paragraph at lines 226--226
\T1/cmr/m/n/12 HackRF
 []


Underfull \hbox (badness 10000) in paragraph at lines 226--226
\T1/cmr/m/n/12 y mó-dem
 []


Underfull \hbox (badness 10000) in paragraph at lines 226--226
\T1/cmr/m/n/12 si-mul-tá-nea-
 []


Underfull \hbox (badness 10000) in paragraph at lines 226--226
\T1/cmr/m/n/12 su-mi-nis-trar
 []


Underfull \hbox (badness 10000) in paragraph at lines 226--226
[]|\T1/cmr/m/n/12 Diseñar ár-bol
 []


Underfull \hbox (badness 10000) in paragraph at lines 226--226
\T1/cmr/m/n/12 de po-ten-cia
 []


Underfull \hbox (badness 4242) in paragraph at lines 226--226
\T1/cmr/m/n/12 ex-terno so-bre-
 []


Underfull \hbox (badness 10000) in paragraph at lines 226--226
\T1/cmr/m/n/12 di-men-sio-na-do
 []


Underfull \hbox (badness 10000) in paragraph at lines 226--226
\T1/cmr/m/n/12 con fuen-te
 []


Underfull \hbox (badness 5161) in paragraph at lines 226--226
[]|\T1/cmr/m/n/12 Operación es-ta-ble del
 []


Underfull \hbox (badness 1014) in paragraph at lines 226--226
\T1/cmr/m/n/12 ción de emi-
 []


Underfull \hbox (badness 10000) in paragraph at lines 226--226
\T1/cmr/m/n/12 pro-du-cía
 []


Underfull \hbox (badness 10000) in paragraph at lines 226--226
\T1/cmr/m/n/12 de-tec-cio-nes
 []


Underfull \hbox (badness 10000) in paragraph at lines 226--226
\T1/cmr/m/n/12 cur-va-tu-ra
 []


Underfull \hbox (badness 10000) in paragraph at lines 226--226
\T1/cmr/m/n/12 del rui-do
 []


Underfull \hbox (badness 7133) in paragraph at lines 226--226
\T1/cmr/m/n/12 del pi-so de
 []


Underfull \hbox (badness 10000) in paragraph at lines 226--226
\T1/cmr/m/n/12 rui-do del
 []


Underfull \hbox (badness 10000) in paragraph at lines 226--226
\T1/cmr/m/n/12 hard-wa-re
 []


Underfull \hbox (badness 10000) in paragraph at lines 226--226
[]|\T1/cmr/m/n/12 Implementar
 []


Underfull \hbox (badness 10000) in paragraph at lines 226--226
\T1/cmr/m/n/12 co-rrec-ción de
 []


Underfull \hbox (badness 2980) in paragraph at lines 226--226
[]|\T1/cmr/m/n/12 Reducción drás-ti-ca de
 []


Underfull \hbox (badness 4779) in paragraph at lines 226--226
[]|\T1/cmr/m/n/12 Timeouts en
 []


Underfull \hbox (badness 10000) in paragraph at lines 226--226
\T1/cmr/m/n/12 vo-lú-me-nes
 []


Overfull \hbox (3.49292pt too wide) in paragraph at lines 226--226
[]|\T1/cmr/m/n/12 Procesamiento
 []


Underfull \hbox (badness 10000) in paragraph at lines 226--226
[]|\T1/cmr/m/n/12 Extender ti-
 []


Underfull \hbox (badness 10000) in paragraph at lines 226--226
[]|\T1/cmr/m/n/12 Saturación
 []


Underfull \hbox (badness 1558) in paragraph at lines 226--226
\T1/cmr/m/n/12 del ca-nal de
 []


Underfull \hbox (badness 10000) in paragraph at lines 226--226
[]|\T1/cmr/m/n/12 Resolución
 []


Underfull \hbox (badness 6641) in paragraph at lines 226--226
\T1/cmr/m/n/12 y ta-sa de
 []


Underfull \hbox (badness 10000) in paragraph at lines 226--226
\T1/cmr/m/n/12 re-fres-co
 []


Underfull \hbox (badness 10000) in paragraph at lines 226--226
\T1/cmr/m/n/12 trans-mi-sio-
 []


Underfull \hbox (badness 10000) in paragraph at lines 226--226
\T1/cmr/m/n/12 nes des-de
 []


Underfull \hbox (badness 10000) in paragraph at lines 226--226
[]|\T1/cmr/m/n/12 Ancho de
 []


Underfull \hbox (badness 10000) in paragraph at lines 226--226
\T1/cmr/m/n/12 ban-da del
 []


Underfull \hbox (badness 3690) in paragraph at lines 226--226
\T1/cmr/m/n/12 ca-nal ce-lu-lar
 []


Underfull \hbox (badness 10000) in paragraph at lines 226--226
\T1/cmr/m/n/12 in-su-fi-cien-te
 []


Underfull \hbox (badness 10000) in paragraph at lines 226--226
\T1/cmr/m/n/12 pa-ra tra-mas
 []


Underfull \hbox (badness 10000) in paragraph at lines 226--226
\T1/cmr/m/n/12 ción es-pec-tral
 []


Underfull \hbox (badness 10000) in paragraph at lines 226--226
\T1/cmr/m/n/12 se-gún dis-po-
 []


Underfull \hbox (badness 10000) in paragraph at lines 226--226
\T1/cmr/m/n/12 ni-bi-li-dad de
 []


Underfull \hbox (badness 7869) in paragraph at lines 226--226
[]|\T1/cmr/m/n/12 Compromiso acep-ta-ble
 []

[23] [24] [25]) (section/3_general_design_system.tex [26]
Cap\'{\i }tulo 3.
[27

]) (section/4_HW.tex [28]
Cap\'{\i }tulo 4.
[29

]
<section/img/cap04_hw/product.jpeg, id=1354, 578.16pt x 1284.8pt>
File: section/img/cap04_hw/product.jpeg Graphic file (type jpg)
<use section/img/cap04_hw/product.jpeg>
Package pdftex.def Info: section/img/cap04_hw/product.jpeg  used on input line 
47.
(pdftex.def)             Requested size: 251.79407pt x 559.53044pt.
 [30] [31 <./section/img/cap04_hw/product.jpeg>]
Underfull \hbox (badness 10000) in paragraph at lines 76--76
[]|\T1/cmr/m/n/12 Función prin-ci-
 []


Underfull \hbox (badness 6641) in paragraph at lines 76--76
[]|\T1/cmr/m/n/12 Computador de
 []


Underfull \hbox (badness 4886) in paragraph at lines 76--76
[]|\T1/cmr/m/n/12 Digitaliza se-ña-les RF co-mo mues-tras IQ.
 []


Underfull \hbox (badness 7722) in paragraph at lines 76--76
\T1/cmr/m/n/12 De-be re-ci-bir la ru-ta RF ya se-lec-cio-na-
 []


Underfull \hbox (badness 10000) in paragraph at lines 76--76
[]|\T1/cmr/bx/n/12 Antenas RF,
 []


Underfull \hbox (badness 4479) in paragraph at lines 76--76
[]|\T1/cmr/m/n/12 Interfaz elec-tro-
 []


Underfull \hbox (badness 2065) in paragraph at lines 76--76
[]|\T1/cmr/bx/n/12 Árbol de po-
 []


Underfull \hbox (badness 10000) in paragraph at lines 76--76
[]|\T1/cmr/m/n/12 Distribución de
 []

<section/img/cap04_hw/rpi5.png, id=1365, 401.5pt x 302.12875pt>
File: section/img/cap04_hw/rpi5.png Graphic file (type png)
<use section/img/cap04_hw/rpi5.png>
Package pdftex.def Info: section/img/cap04_hw/rpi5.png  used on input line 87.
(pdftex.def)             Requested size: 141.91838pt x 106.79314pt.
<section/img/cap04_hw/hackrfone.jpeg, id=1367, 459.7175pt x 459.7175pt>
File: section/img/cap04_hw/hackrfone.jpeg Graphic file (type jpg)
<use section/img/cap04_hw/hackrfone.jpeg>
Package pdftex.def Info: section/img/cap04_hw/hackrfone.jpeg  used on input lin
e 93.
(pdftex.def)             Requested size: 141.91838pt x 141.9217pt.
<section/img/cap04_hw/monraf2-default.jpeg, id=1368, 592.2125pt x 471.7625pt>
File: section/img/cap04_hw/monraf2-default.jpeg Graphic file (type jpg)
<use section/img/cap04_hw/monraf2-default.jpeg>
Package pdftex.def Info: section/img/cap04_hw/monraf2-default.jpeg  used on inp
ut line 99.
(pdftex.def)             Requested size: 141.91838pt x 113.05254pt.
[32]
<section/img/cap04_hw/monraf2-schematics.pdf, id=1373, page=3, 794.97pt x 614.2
95pt>
File: section/img/cap04_hw/monraf2-schematics.pdf Graphic file (type pdf)
<use section/img/cap04_hw/monraf2-schematics.pdf, page 3>
Package pdftex.def Info: section/img/cap04_hw/monraf2-schematics.pdf , page3 us
ed on input line 130.
(pdftex.def)             Requested size: 421.18654pt x 325.46231pt.
 [33 <./section/img/cap04_hw/rpi5.png> <./section/img/cap04_hw/hackrfone.jpeg> 
<./section/img/cap04_hw/monraf2-default.jpeg>] [34 <./section/img/cap04_hw/monr
af2-schematics.pdf>]
Underfull \hbox (badness 10000) in paragraph at lines 177--177
\T1/cmr/bx/n/12 so-bre-di-men-sio-
 []


Underfull \hbox (badness 10000) in paragraph at lines 177--177
[]|\T1/cmr/bx/n/12 Protección y
 []


Underfull \hbox (badness 10000) in paragraph at lines 198--198
[]|\T1/cmr/bx/n/12 Antenas a
 []


Underfull \hbox (badness 10000) in paragraph at lines 198--198
[]|\T1/cmr/bx/n/12 MonRaF2 a
 []


Underfull \hbox (badness 10000) in paragraph at lines 198--198
[]|\T1/cmr/bx/n/12 HackRF a
 []


Underfull \hbox (badness 2150) in paragraph at lines 198--198
\T1/cmr/bx/n/12 Rasp-berry Pi
 []


Underfull \hbox (badness 2150) in paragraph at lines 198--198
[]|\T1/cmr/bx/n/12 Raspberry Pi
 []


Underfull \hbox (badness 10000) in paragraph at lines 198--198
[]|\T1/cmr/m/n/12 GPIO, UART,
 []


Underfull \hbox (badness 6188) in paragraph at lines 198--198
[]|\T1/cmr/m/n/12 Permite con-trol au-xi-liar, co-mu-ni-ca-ción con
 []


Underfull \hbox (badness 10000) in paragraph at lines 198--198
[]|\T1/cmr/bx/n/12 MonRaF2 a
 []


Underfull \hbox (badness 10000) in paragraph at lines 198--198
[]|\T1/cmr/bx/n/12 MonRaF2 a
 []


Underfull \hbox (badness 2538) in paragraph at lines 198--198
[]|\T1/cmr/bx/n/12 Fuente ex-ter-
 []


Underfull \hbox (badness 1810) in paragraph at lines 198--198
[]|\T1/cmr/m/n/12 Debe dis-tri-buir po-ten-cia a Rasp-berry Pi 5,
 []

[35]
Underfull \hbox (badness 10000) in paragraph at lines 215--215
[]|\T1/cmr/m/n/10.95 Usar Mon-RaF2
 []


Underfull \hbox (badness 10000) in paragraph at lines 215--215
\T1/cmr/m/n/10.95 co-mo con-cen-
 []


Underfull \hbox (badness 1389) in paragraph at lines 215--215
\T1/cmr/m/n/10.95 tra-dor RF y de
 []


Underfull \hbox (badness 10000) in paragraph at lines 215--215
[]|\T1/cmr/m/n/10.95 La tar-je-ta con-tie-ne
 []


Underfull \hbox (badness 5161) in paragraph at lines 215--215
\T1/cmr/m/n/10.95 ru-tas de an-te-na, fil-
 []


Underfull \hbox (badness 2903) in paragraph at lines 215--215
\T1/cmr/m/n/10.95 tros, mux/switch RF,
 []


Underfull \hbox (badness 4205) in paragraph at lines 215--215
\T1/cmr/m/n/10.95 LTE/GNSS y se-ña-les
 []


Underfull \hbox (badness 3189) in paragraph at lines 215--216
[]|\T1/cmr/m/n/10.95 Las an-te-nas se do-cu-men-tan
 []


Underfull \hbox (badness 10000) in paragraph at lines 216--216
[]|\T1/cmr/m/n/10.95 Usar Rasp-berry
 []


Underfull \hbox (badness 4316) in paragraph at lines 216--216
[]|\T1/cmr/m/n/10.95 Tiene ca-pa-ci-dad su-fi-
 []


Underfull \hbox (badness 5667) in paragraph at lines 216--216
\T1/cmr/m/n/10.95 cien-te pa-ra or-ques-ta-
 []


Underfull \hbox (badness 10000) in paragraph at lines 217--217
[]|\T1/cmr/m/n/10.95 Usar HackRF
 []


Underfull \hbox (badness 2359) in paragraph at lines 218--218
[]|\T1/cmr/m/n/10.95 Separar po-ten-cia
 []


Underfull \hbox (badness 2418) in paragraph at lines 218--218
\T1/cmr/m/n/10.95 do la dis-tri-bu-ción de
 []


Underfull \hbox (badness 3209) in paragraph at lines 219--219
[]|\T1/cmr/m/n/10.95 Temperatura, vol-ta-jes,
 []


Underfull \hbox (badness 4254) in paragraph at lines 219--219
\T1/cmr/m/n/10.95 co-rrien-tes y ban-de-ras
 []


Underfull \hbox (badness 10000) in paragraph at lines 219--219
\T1/cmr/m/n/10.95 de \T1/cmr/m/it/10.95 th-rottling \T1/cmr/m/n/10.95 per-mi-
 []


Underfull \hbox (badness 1701) in paragraph at lines 219--219
\T1/cmr/m/n/10.95 ten diag-nos-ti-car fa-llas
 []

ignored error: Infinite glue shrinkage found in box being split [36]
Underfull \hbox (badness 10000) in paragraph at lines 238--238
[]|\T1/cmr/m/n/8 Subtensión y
 []


Underfull \hbox (badness 2884) in paragraph at lines 238--238
[]|\T1/cmr/m/n/8 Caídas de EXT5V
 []


Underfull \hbox (badness 10000) in paragraph at lines 238--238
\T1/cmr/m/n/8 ba-jo car-gas
 []


Underfull \hbox (badness 10000) in paragraph at lines 238--238
\T1/cmr/m/n/8 SDR/LTE y es-
 []


Underfull \hbox (badness 10000) in paragraph at lines 238--238
\T1/cmr/m/n/8 de ali-men-ta-ción
 []


Underfull \hbox (badness 2384) in paragraph at lines 238--238
[]|\T1/cmr/m/n/8 Demasiadas car-gas
 []


Underfull \hbox (badness 7740) in paragraph at lines 238--239
\T1/cmr/m/n/8 to-rio pa-ra una
 []


Underfull \hbox (badness 10000) in paragraph at lines 239--239
[]|\T1/cmr/m/n/8 Aumento de
 []


Underfull \hbox (badness 10000) in paragraph at lines 239--239
\T1/cmr/m/n/8 tem-pe-ra-tu-ra
 []


Underfull \hbox (badness 10000) in paragraph at lines 239--239
[]|\T1/cmr/m/n/8 Pruebas con
 []


Underfull \hbox (badness 2762) in paragraph at lines 239--239
\T1/cmr/m/n/8 za-ron tem-pe-ra-tu-ras
 []


Underfull \hbox (badness 10000) in paragraph at lines 239--239
[]|\T1/cmr/m/n/8 Procesamiento
 []


Underfull \hbox (badness 10000) in paragraph at lines 239--239
\T1/cmr/m/n/8 sos-te-ni-do, ac-ti-vi-
 []


Underfull \hbox (badness 1448) in paragraph at lines 239--239
\T1/cmr/m/n/8 dad USB y car-ga
 []


Underfull \hbox (badness 10000) in paragraph at lines 239--239
\T1/cmr/m/n/8 RF/LTE si-mul-tá-
 []


Underfull \hbox (badness 10000) in paragraph at lines 239--240
[]|\T1/cmr/m/n/8 La tem-pe-ra-tu-
 []


Underfull \hbox (badness 5696) in paragraph at lines 239--240
\T1/cmr/m/n/8 ra que-da co-mo
 []


Underfull \hbox (badness 10000) in paragraph at lines 240--240
[]|\T1/cmr/m/n/8 El di-se-ño in-
 []


Underfull \hbox (badness 10000) in paragraph at lines 240--240
\T1/cmr/m/n/8 clu-ye re-des
 []


Underfull \hbox (badness 10000) in paragraph at lines 240--240
\T1/cmr/m/n/8 MAIN/GNSS/AUX,
 []


Underfull \hbox (badness 1960) in paragraph at lines 240--240
\T1/cmr/m/n/8 na co-mo co-ne-xión
 []


Underfull \hbox (badness 10000) in paragraph at lines 240--240
[]|\T1/cmr/m/n/8 Documentar Mon-
 []


Underfull \hbox (badness 1072) in paragraph at lines 240--240
\T1/cmr/m/n/8 RaF2 co-mo en-tra-da
 []


Underfull \hbox (badness 10000) in paragraph at lines 241--241
[]|\T1/cmr/m/n/8 Dependencia
 []


Underfull \hbox (badness 1314) in paragraph at lines 241--241
\T1/cmr/m/n/8 ce-lu-lar pa-ra ope-ra-
 []


Underfull \hbox (badness 10000) in paragraph at lines 241--241
[]|\T1/cmr/m/n/8 Separar diag-nós-ti-co
 []


Underfull \hbox (badness 10000) in paragraph at lines 241--241
\T1/cmr/m/n/8 de RF, cómpu-to,
 []


Underfull \hbox (badness 10000) in paragraph at lines 242--242
[]|\T1/cmr/m/n/8 Ganancia ex-ce-si-va
 []


Underfull \hbox (badness 2213) in paragraph at lines 242--242
\T1/cmr/m/n/8 o emi-so-res fuer-tes
 []


Underfull \hbox (badness 3460) in paragraph at lines 242--242
\T1/cmr/m/n/8 pue-den sa-tu-rar el
 []


Underfull \hbox (badness 10000) in paragraph at lines 242--242
\T1/cmr/m/n/8 con-fi-gu-ra-cio-nes du-
 []


Underfull \hbox (badness 1014) in paragraph at lines 242--243
[]|\T1/cmr/m/n/8 Menor ries-go de
 []

[37]
Underfull \hbox (badness 10000) in paragraph at lines 269--269
[]|\T1/cmr/m/n/12 Temperatura
 []


Underfull \hbox (badness 10000) in paragraph at lines 269--269
[]|\T1/cmr/m/n/12 5.006--5.041
 []


Underfull \hbox (badness 10000) in paragraph at lines 269--269
[]|\T1/cmr/bx/n/12 HackRF en
 []


Underfull \hbox (badness 10000) in paragraph at lines 269--269
[]|\T1/cmr/m/n/12 4.748--4.965
 []


Underfull \hbox (badness 10000) in paragraph at lines 269--269
[]|\T1/cmr/bx/n/12 Periféricos
 []


Underfull \hbox (badness 10000) in paragraph at lines 269--269
[]|\T1/cmr/m/n/12 4.903--4.963
 []


Underfull \hbox (badness 10000) in paragraph at lines 269--269
[]|\T1/cmr/bx/n/12 Petición me-
 []


Underfull \hbox (badness 10000) in paragraph at lines 269--269
[]|\T1/cmr/m/n/12 4.721--5.083
 []


Underfull \hbox (badness 10000) in paragraph at lines 269--269
[]|\T1/cmr/m/n/12 4.904--5.122
 []

[38]) (section/5_SDR-acquisition.tex [39]
Cap\'{\i }tulo 5.
[40

] [41] [42] [43] [44] [45] [46] [47] [48] [49]
ignored error: Infinite glue shrinkage found in box being split [50] [51]
[52] [53] [54] [55]) (section/6_Platform_cloud.tex [56]
Cap\'{\i }tulo 6.
[57

] [58] [59] [60] [61] [62] [63]
Overfull \hbox (25.5473pt too wide) in paragraph at lines 361--364
\T1/cmr/m/n/12 ser-vi-dor. En pro-duc-ción se re-co-mien-da la ima-gen \T1/cmtt
/m/n/12 timescale/timescaledb:latest-pg14\T1/cmr/m/n/12 . 
 []

[64] [65] [66] [67]
Underfull \hbox (badness 10000) in paragraph at lines 570--570
[]|\T1/cmr/bx/n/12 Causa pro-
 []


Underfull \hbox (badness 10000) in paragraph at lines 571--571
[]|\T1/cmr/bx/n/12 Decisión o
 []


Overfull \hbox (3.3787pt too wide) in alignment at lines 566--573
 [] [] [] [] [] 
 []


Underfull \hbox (badness 10000) in paragraph at lines 575--575
[]|\T1/cmr/bx/n/12 Causa pro-
 []


Underfull \hbox (badness 10000) in paragraph at lines 576--576
[]|\T1/cmr/bx/n/12 Decisión o
 []


Overfull \hbox (3.3787pt too wide) in alignment at lines 573--578
 [] [] [] [] [] 
 []


Underfull \hbox (badness 10000) in paragraph at lines 580--581
[]|\T1/cmr/m/n/12 Límite de
 []


Underfull \hbox (badness 10000) in paragraph at lines 580--581
\T1/cmr/m/n/12 ca-pa-ci-dad de
 []


Underfull \hbox (badness 10000) in paragraph at lines 580--581
\T1/cmr/m/n/12 SQ-Li-te cau-
 []


Underfull \hbox (badness 2277) in paragraph at lines 580--581
\T1/cmr/m/n/12 sa-ba blo-queos
 []


Underfull \hbox (badness 1389) in paragraph at lines 580--581
\T1/cmr/m/n/12 en pro-duc-ción
 []


Underfull \hbox (badness 3049) in paragraph at lines 580--581
\T1/cmr/m/n/12 GB de da-tos
 []


Underfull \hbox (badness 1102) in paragraph at lines 582--582
[]|\T1/cmr/m/n/12 Logs de error
 []


Underfull \hbox (badness 10000) in paragraph at lines 582--582
\T1/cmr/m/n/12 del ser-vi-dor,
 []


Underfull \hbox (badness 10000) in paragraph at lines 582--582
\T1/cmr/m/n/12 me-di-cio-nes
 []


Underfull \hbox (badness 10000) in paragraph at lines 582--582
\T1/cmr/m/n/12 de ta-ma-ño
 []


Underfull \hbox (badness 1067) in paragraph at lines 582--582
\T1/cmr/m/n/12 de ar-chi-vo de
 []


Underfull \hbox (badness 2359) in paragraph at lines 583--584
\T1/cmr/m/n/12 di-se-ña-do pa-ra
 []


Underfull \hbox (badness 7415) in paragraph at lines 583--584
\T1/cmr/m/n/12 vo-lú-me-nes de
 []


Underfull \hbox (badness 5711) in paragraph at lines 583--584
\T1/cmr/m/n/12 les con múl-
 []


Underfull \hbox (badness 5637) in paragraph at lines 583--584
\T1/cmr/m/n/12 ti-ples es-cri-tu-
 []


Underfull \hbox (badness 10000) in paragraph at lines 585--587
[]|\T1/cmr/m/n/12 Migración
 []


Underfull \hbox (badness 10000) in paragraph at lines 585--587
\T1/cmr/m/n/12 com-ple-ta a
 []


Underfull \hbox (badness 10000) in paragraph at lines 585--587
\T1/cmr/m/n/12 ex-ten-sión Ti-
 []


Underfull \hbox (badness 10000) in paragraph at lines 585--587
\T1/cmr/m/n/12 mes-ca-leDB. Se
 []


Underfull \hbox (badness 2343) in paragraph at lines 585--587
\T1/cmr/m/n/12 con-sul-tas di-rec-
 []


Underfull \hbox (badness 10000) in paragraph at lines 585--587
\T1/cmr/m/n/12 com-pa-ti-bi-li-dad
 []


Underfull \hbox (badness 2310) in paragraph at lines 588--590
[]|\T1/cmr/m/n/12 Eliminación del
 []


Underfull \hbox (badness 1210) in paragraph at lines 588--590
\T1/cmr/m/n/12 lí-mi-te de ca-pa-
 []


Underfull \hbox (badness 10000) in paragraph at lines 588--590
\T1/cmr/m/n/12 ci-dad, me-jo-ra
 []


Underfull \hbox (badness 10000) in paragraph at lines 588--590
\T1/cmr/m/n/12 de ren-di-mien-to
 []


Underfull \hbox (badness 10000) in paragraph at lines 588--590
\T1/cmr/m/n/12 en con-sul-tas,
 []


Underfull \hbox (badness 10000) in paragraph at lines 588--590
\T1/cmr/m/n/12 ha-bi-li-ta-ción de
 []


Underfull \hbox (badness 10000) in paragraph at lines 588--590
\T1/cmr/m/n/12 com-pre-sión y
 []


Underfull \hbox (badness 6063) in paragraph at lines 588--590
\T1/cmr/m/n/12 re-ten-ción au-to-
 []


Underfull \hbox (badness 10000) in paragraph at lines 593--594
[]|\T1/cmr/m/n/12 Endpoint de
 []


Underfull \hbox (badness 10000) in paragraph at lines 593--594
\T1/cmr/m/n/12 cam-pa-ñas
 []


Underfull \hbox (badness 10000) in paragraph at lines 593--594
\T1/cmr/m/n/12 pa-ra sen-so-res
 []


Underfull \hbox (badness 10000) in paragraph at lines 593--594
\T1/cmr/m/n/12 con nom-bre
 []


Underfull \hbox (badness 10000) in paragraph at lines 593--594
\T1/cmr/m/n/12 in-co-rrec-to y
 []


Underfull \hbox (badness 10000) in paragraph at lines 593--594
\T1/cmr/m/n/12 re-sul-ta-dos
 []


Underfull \hbox (badness 4416) in paragraph at lines 593--594
\T1/cmr/m/n/12 du-pli-ca-dos en
 []


Underfull \hbox (badness 10000) in paragraph at lines 593--594
\T1/cmr/m/n/12 asig-na-cio-nes
 []


Underfull \hbox (badness 5970) in paragraph at lines 596--597
[]|\T1/cmr/m/n/12 Falta de de-
 []


Underfull \hbox (badness 10000) in paragraph at lines 596--597
\T1/cmr/m/n/12 du-pli-ca-ción
 []


Underfull \hbox (badness 10000) in paragraph at lines 596--597
\T1/cmr/m/n/12 en con-sul-ta
 []


Underfull \hbox (badness 2027) in paragraph at lines 596--597
\T1/cmr/m/n/12 SQL de asig-
 []


Underfull \hbox (badness 1019) in paragraph at lines 596--597
\T1/cmr/m/n/12 na-ción sensor-
 []


Underfull \hbox (badness 10000) in paragraph at lines 596--597
\T1/cmr/m/n/12 campaña y
 []


Underfull \hbox (badness 10000) in paragraph at lines 596--597
\T1/cmr/m/n/12 no-men-cla-tu-ra
 []


Underfull \hbox (badness 10000) in paragraph at lines 596--597
\T1/cmr/m/n/12 in-con-sis-ten-te
 []


Underfull \hbox (badness 10000) in paragraph at lines 598--599
[]|\T1/cmr/m/n/12 Corrección del
 []


Underfull \hbox (badness 10000) in paragraph at lines 598--599
\T1/cmr/m/n/12 nom-bre del
 []


Underfull \hbox (badness 10000) in paragraph at lines 598--599
\T1/cmr/m/n/12 end-point, in-
 []


Underfull \hbox (badness 10000) in paragraph at lines 598--599
\T1/cmr/m/n/12 cor-po-ra-ción
 []


Underfull \hbox (badness 10000) in paragraph at lines 598--599
\T1/cmr/m/n/12 de ló-gi-ca de
 []


Underfull \hbox (badness 10000) in paragraph at lines 598--599
\T1/cmr/m/n/12 de-du-pli-ca-ción,
 []


Underfull \hbox (badness 10000) in paragraph at lines 598--599
\T1/cmr/m/n/12 op-cio-nal por
 []


Underfull \hbox (badness 7832) in paragraph at lines 600--602
\T1/cmr/m/n/12 lis-ta úni-ca de
 []


Underfull \hbox (badness 5756) in paragraph at lines 600--602
\T1/cmr/m/n/12 cam-pa-ñas asig-
 []


Underfull \hbox (badness 4518) in paragraph at lines 600--602
\T1/cmr/m/n/12 me-tros com-ple-
 []


Underfull \hbox (badness 10000) in paragraph at lines 605--606
[]|\T1/cmr/m/n/12 Timeouts en
 []


Underfull \hbox (badness 4543) in paragraph at lines 605--606
\T1/cmr/m/n/12 ge-ne-ra-ción de
 []


Underfull \hbox (badness 10000) in paragraph at lines 605--606
\T1/cmr/m/n/12 re-por-tes de
 []


Underfull \hbox (badness 10000) in paragraph at lines 605--606
\T1/cmr/m/n/12 cum-pli-mien-to
 []


Underfull \hbox (badness 10000) in paragraph at lines 605--606
\T1/cmr/m/n/12 con gran-des
 []


Underfull \hbox (badness 7415) in paragraph at lines 605--606
\T1/cmr/m/n/12 vo-lú-me-nes de
 []


Underfull \hbox (badness 5787) in paragraph at lines 607--607
\T1/cmr/m/n/12 504 en fron-
 []


Underfull \hbox (badness 2521) in paragraph at lines 607--607
\T1/cmr/m/n/12 tend, logs de
 []


Underfull \hbox (badness 10000) in paragraph at lines 607--607
\T1/cmr/m/n/12 ti-meout en
 []


Underfull \hbox (badness 5077) in paragraph at lines 608--609
[]|\T1/cmr/m/n/12 Timeouts por
 []


Underfull \hbox (badness 10000) in paragraph at lines 608--609
\T1/cmr/m/n/12 pro-ce-sa-mien-to
 []


Underfull \hbox (badness 3281) in paragraph at lines 608--609
\T1/cmr/m/n/12 y ar-ma-do de
 []


Underfull \hbox (badness 10000) in paragraph at lines 610--611
[]|\T1/cmr/m/n/12 Configuración
 []


Underfull \hbox (badness 10000) in paragraph at lines 610--611
\T1/cmr/m/n/12 de ti-meouts
 []


Underfull \hbox (badness 10000) in paragraph at lines 610--611
\T1/cmr/m/n/12 ex-ten-di-dos a
 []


Underfull \hbox (badness 1796) in paragraph at lines 610--611
\T1/cmr/m/n/12 3600 s en ser-
 []


Underfull \hbox (badness 10000) in paragraph at lines 610--611
\T1/cmr/m/n/12 vi-dor No-de.js
 []


Underfull \hbox (badness 2608) in paragraph at lines 610--611
\T1/cmr/m/n/12 y proxy Nginx
 []


Overfull \hbox (31.78668pt too wide) in paragraph at lines 610--611
\T1/cmr/m/n/12 (proxy_read_timeout,
 []


Overfull \hbox (44.1864pt too wide) in paragraph at lines 610--611
\T1/cmr/m/n/12 proxy_connect_timeout,
 []


Overfull \hbox (29.24147pt too wide) in paragraph at lines 610--611
\T1/cmr/m/n/12 proxy_send_timeout)| 
 []


Underfull \hbox (badness 10000) in paragraph at lines 612--614
[]|\T1/cmr/m/n/12 Reportes ge-ne-
 []


Underfull \hbox (badness 10000) in paragraph at lines 612--614
\T1/cmr/m/n/12 ra-dos exi-to-sa-
 []


Underfull \hbox (badness 10000) in paragraph at lines 612--614
\T1/cmr/m/n/12 men-te in-clu-so
 []


Underfull \hbox (badness 7558) in paragraph at lines 612--614
\T1/cmr/m/n/12 pa-ra cam-pa-ñas
 []


Underfull \hbox (badness 10000) in paragraph at lines 612--614
\T1/cmr/m/n/12 con gran-des
 []


Underfull \hbox (badness 10000) in paragraph at lines 612--614
\T1/cmr/m/n/12 vo-lú-me-nes de
 []


Underfull \hbox (badness 5189) in paragraph at lines 612--614
\T1/cmr/m/n/12 da-tos acu-mu-la-
 []


Underfull \hbox (badness 10000) in paragraph at lines 617--618
[]|\T1/cmr/m/n/12 Sensores que
 []


Underfull \hbox (badness 10000) in paragraph at lines 617--618
\T1/cmr/m/n/12 de-ja-ban de
 []


Underfull \hbox (badness 10000) in paragraph at lines 617--618
\T1/cmr/m/n/12 re-por-tar per-
 []


Underfull \hbox (badness 10000) in paragraph at lines 617--618
\T1/cmr/m/n/12 ma-ne-cían
 []


Underfull \hbox (badness 10000) in paragraph at lines 617--618
\T1/cmr/m/n/12 con es-ta-do
 []


Underfull \hbox (badness 10000) in paragraph at lines 617--618
\T1/cmr/m/n/12 ac-ti-vo en la
 []


Underfull \hbox (badness 10000) in paragraph at lines 619--620
[]|\T1/cmr/m/n/12 Reportes
 []


Underfull \hbox (badness 10000) in paragraph at lines 619--620
\T1/cmr/m/n/12 de per-so-nas
 []


Underfull \hbox (badness 10000) in paragraph at lines 619--620
\T1/cmr/m/n/12 usua-rias, ins-
 []


Underfull \hbox (badness 10000) in paragraph at lines 619--620
\T1/cmr/m/n/12 pec-ción de
 []


Underfull \hbox (badness 1019) in paragraph at lines 619--620
\T1/cmr/m/n/12 es-ta-dos in-con-
 []


Underfull \hbox (badness 10000) in paragraph at lines 619--620
\T1/cmr/m/n/12 sis-ten-tes en
 []


Underfull \hbox (badness 10000) in paragraph at lines 621--622
[]|\T1/cmr/m/n/12 Ausencia de
 []


Underfull \hbox (badness 10000) in paragraph at lines 621--622
\T1/cmr/m/n/12 me-ca-nis-mo
 []


Underfull \hbox (badness 10000) in paragraph at lines 621--622
\T1/cmr/m/n/12 au-to-má-ti-co
 []


Underfull \hbox (badness 10000) in paragraph at lines 621--622
\T1/cmr/m/n/12 de fres-cu-ra
 []


Underfull \hbox (badness 10000) in paragraph at lines 621--622
\T1/cmr/m/n/12 de da-tos de
 []


Underfull \hbox (badness 10000) in paragraph at lines 623--624
[]|\T1/cmr/m/n/12 Implementación
 []


Underfull \hbox (badness 10000) in paragraph at lines 623--624
\T1/cmr/m/n/12 de ta-rea pro-
 []


Underfull \hbox (badness 10000) in paragraph at lines 623--624
\T1/cmr/m/n/12 gra-ma-da ca-da
 []


Underfull \hbox (badness 10000) in paragraph at lines 623--624
\T1/cmr/m/n/12 co-mo of-fli-ne
 []


Underfull \hbox (badness 4403) in paragraph at lines 625--627
\T1/cmr/m/n/12 men-te su con-
 []


Underfull \hbox (badness 10000) in paragraph at lines 630--631
[]|\T1/cmr/m/n/12 Carga ini-
 []


Underfull \hbox (badness 2359) in paragraph at lines 630--631
\T1/cmr/m/n/12 cial len-ta del
 []


Underfull \hbox (badness 10000) in paragraph at lines 630--631
\T1/cmr/m/n/12 fron-tend por
 []


Underfull \hbox (badness 10000) in paragraph at lines 630--631
\T1/cmr/m/n/12 in-clu-sión de
 []


Underfull \hbox (badness 10000) in paragraph at lines 630--631
\T1/cmr/m/n/12 Plotly.js en
 []


Underfull \hbox (badness 10000) in paragraph at lines 630--631
\T1/cmr/m/n/12 el bund-le
 []


Underfull \hbox (badness 10000) in paragraph at lines 632--632
[]|\T1/cmr/m/n/12 Métricas de
 []


Underfull \hbox (badness 10000) in paragraph at lines 632--632
\T1/cmr/m/n/12 Lighthou-
 []


Underfull \hbox (badness 10000) in paragraph at lines 632--632
\T1/cmr/m/n/12 se, re-por-tes
 []


Underfull \hbox (badness 10000) in paragraph at lines 632--632
\T1/cmr/m/n/12 de per-so-nas
 []


Underfull \hbox (badness 10000) in paragraph at lines 632--632
\T1/cmr/m/n/12 tiem-po de
 []


Underfull \hbox (badness 10000) in paragraph at lines 633--633
[]|\T1/cmr/m/n/12 Plotly.js
 []


Underfull \hbox (badness 4647) in paragraph at lines 633--633
\T1/cmr/m/n/12 ( 3 MB) se
 []


Underfull \hbox (badness 10000) in paragraph at lines 633--633
\T1/cmr/m/n/12 in-cluía en
 []


Underfull \hbox (badness 10000) in paragraph at lines 633--633
\T1/cmr/m/n/12 el bund-le
 []


Underfull \hbox (badness 10000) in paragraph at lines 633--633
\T1/cmr/m/n/12 prin-ci-pal,
 []


Underfull \hbox (badness 10000) in paragraph at lines 633--633
\T1/cmr/m/n/12 blo-quean-do
 []


Underfull \hbox (badness 10000) in paragraph at lines 634--635
[]|\T1/cmr/m/n/12 Separación de
 []


Underfull \hbox (badness 10000) in paragraph at lines 634--635
\T1/cmr/m/n/12 Plotly.js en
 []


Underfull \hbox (badness 4647) in paragraph at lines 634--635
\T1/cmr/m/n/12 chunk in-de-pen-
 []


Underfull \hbox (badness 10000) in paragraph at lines 634--635
\T1/cmr/m/n/12 Vi-te; pan-ta-llas
 []


Underfull \hbox (badness 2970) in paragraph at lines 634--635
\T1/cmr/m/n/12 sin grá-fi-cos no
 []


Underfull \hbox (badness 2189) in paragraph at lines 636--638
\T1/cmr/m/n/12 ti-va en tiem-po
 []


Underfull \hbox (badness 2875) in paragraph at lines 636--638
\T1/cmr/m/n/12 ren-di-mien-to sin
 []


Underfull \hbox (badness 10000) in paragraph at lines 641--642
[]|\T1/cmr/m/n/12 Errores de
 []


Underfull \hbox (badness 1389) in paragraph at lines 641--642
\T1/cmr/m/n/12 en pro-duc-ción
 []


Underfull \hbox (badness 10000) in paragraph at lines 641--642
\T1/cmr/m/n/12 con HTTPS:
 []


Underfull \hbox (badness 10000) in paragraph at lines 641--642
\T1/cmr/m/n/12 co-ne-xio-nes
 []


Underfull \hbox (badness 10000) in paragraph at lines 641--642
\T1/cmr/m/n/12 Web-Soc-ket
 []


Underfull \hbox (badness 10000) in paragraph at lines 641--642
\T1/cmr/m/n/12 y API blo-
 []


Underfull \hbox (badness 10000) in paragraph at lines 641--642
\T1/cmr/m/n/12 quea-das por
 []


Underfull \hbox (badness 10000) in paragraph at lines 643--644
[]|\T1/cmr/m/n/12 Errores en
 []


Underfull \hbox (badness 10000) in paragraph at lines 643--644
\T1/cmr/m/n/12 en co-ne-xión
 []


Underfull \hbox (badness 10000) in paragraph at lines 643--644
\T1/cmr/m/n/12 Web-Soc-ket,
 []


Underfull \hbox (badness 10000) in paragraph at lines 643--644
\T1/cmr/m/n/12 po real sin
 []


Underfull \hbox (badness 10000) in paragraph at lines 645--646
[]|\T1/cmr/m/n/12 URLs del
 []


Underfull \hbox (badness 3281) in paragraph at lines 645--646
\T1/cmr/m/n/12 gu-ra-das co-mo
 []


Underfull \hbox (badness 10000) in paragraph at lines 645--646
\T1/cmr/m/n/12 ab-so-lu-tas
 []


Underfull \hbox (badness 10000) in paragraph at lines 647--648
[]|\T1/cmr/m/n/12 Migración a
 []


Underfull \hbox (badness 10000) in paragraph at lines 647--648
\T1/cmr/m/n/12 URLs re-la-ti-vas
 []


Underfull \hbox (badness 10000) in paragraph at lines 647--648
\T1/cmr/m/n/12 (\T1/cmtt/m/n/12 /api\T1/cmr/m/n/12 , \T1/cmtt/m/n/12 /ws\T1/cmr
/m/n/12 )
 []


Underfull \hbox (badness 10000) in paragraph at lines 647--648
\T1/cmr/m/n/12 en va-ria-bles
 []


Underfull \hbox (badness 5847) in paragraph at lines 647--648
\T1/cmr/m/n/12 de en-torno de
 []


Underfull \hbox (badness 10000) in paragraph at lines 647--648
\T1/cmr/m/n/12 com-pi-la-ción,
 []


Underfull \hbox (badness 3364) in paragraph at lines 647--648
\T1/cmr/m/n/12 de-le-gan-do re-so-
 []


Underfull \hbox (badness 1087) in paragraph at lines 647--648
\T1/cmr/m/n/12 lu-ción al proxy
 []


Underfull \hbox (badness 10000) in paragraph at lines 649--651
[]|\T1/cmr/m/n/12 Eliminación
 []


Underfull \hbox (badness 10000) in paragraph at lines 649--651
\T1/cmr/m/n/12 de erro-res de
 []


Underfull \hbox (badness 1755) in paragraph at lines 649--651
\T1/cmr/m/n/12 Mi-xed Con-tent,
 []


Underfull \hbox (badness 10000) in paragraph at lines 649--651
\T1/cmr/m/n/12 fun-cio-na-mien-
 []


Underfull \hbox (badness 10000) in paragraph at lines 649--651
\T1/cmr/m/n/12 to co-rrec-to
 []


Underfull \hbox (badness 10000) in paragraph at lines 649--651
\T1/cmr/m/n/12 en to-dos los
 []


Underfull \hbox (badness 10000) in paragraph at lines 654--654
[]|\T1/cmr/m/n/12 Inconsistencia
 []


Underfull \hbox (badness 2478) in paragraph at lines 654--654
\T1/cmr/m/n/12 de se-sión en-
 []


Underfull \hbox (badness 10000) in paragraph at lines 654--654
\T1/cmr/m/n/12 tre múl-ti-ples
 []


Underfull \hbox (badness 10000) in paragraph at lines 654--654
\T1/cmr/m/n/12 pes-ta-ñas del
 []


Underfull \hbox (badness 10000) in paragraph at lines 655--655
[]|\T1/cmr/m/n/12 Reportes de
 []


Underfull \hbox (badness 10000) in paragraph at lines 655--655
\T1/cmr/m/n/12 rias, prue-bas
 []


Underfull \hbox (badness 10000) in paragraph at lines 655--655
\T1/cmr/m/n/12 con múl-ti-
 []


Underfull \hbox (badness 10000) in paragraph at lines 655--655
\T1/cmr/m/n/12 ples pes-ta-ñas
 []


Underfull \hbox (badness 10000) in paragraph at lines 656--656
[]|\T1/cmr/m/n/12 Estado de
 []


Underfull \hbox (badness 10000) in paragraph at lines 656--656
\T1/cmr/m/n/12 au-ten-ti-ca-ción
 []


Underfull \hbox (badness 10000) in paragraph at lines 656--656
\T1/cmr/m/n/12 y Web-Soc-ket
 []


Underfull \hbox (badness 10000) in paragraph at lines 656--656
\T1/cmr/m/n/12 pes-ta-ña sin
 []


Underfull \hbox (badness 10000) in paragraph at lines 657--658
[]|\T1/cmr/m/n/12 Revisión del
 []


Underfull \hbox (badness 1577) in paragraph at lines 657--658
\T1/cmr/m/n/12 flu-jo de MSAL
 []


Underfull \hbox (badness 10000) in paragraph at lines 657--658
\T1/cmr/m/n/12 pa-ra pro-pa-
 []


Underfull \hbox (badness 2781) in paragraph at lines 657--658
\T1/cmr/m/n/12 gar even-tos de
 []


Underfull \hbox (badness 10000) in paragraph at lines 657--658
\T1/cmr/m/n/12 lo-gin/logout
 []


Underfull \hbox (badness 10000) in paragraph at lines 657--658
\T1/cmr/m/n/12 en-tre pes-ta-ñas
 []


Underfull \hbox (badness 10000) in paragraph at lines 657--658
\T1/cmr/m/n/12 y ma-ne-jo de
 []


Underfull \hbox (badness 10000) in paragraph at lines 657--658
\T1/cmr/m/n/12 re-no-va-ción de
 []


Overfull \hbox (1.43997pt too wide) in paragraph at lines 659--661
[]|\T1/cmr/m/n/12 Comportamiento
 []


Underfull \hbox (badness 10000) in paragraph at lines 659--661
\T1/cmr/m/n/12 con-sis-ten-te de
 []


Underfull \hbox (badness 5050) in paragraph at lines 659--661
\T1/cmr/m/n/12 se-sión in-de-pen-
 []


Underfull \hbox (badness 10000) in paragraph at lines 659--661
\T1/cmr/m/n/12 dien-te-men-te
 []


Underfull \hbox (badness 10000) in paragraph at lines 659--661
\T1/cmr/m/n/12 del nú-me-ro
 []


Underfull \hbox (badness 10000) in paragraph at lines 659--661
\T1/cmr/m/n/12 de pes-ta-ñas
 []


Overfull \hbox (3.3787pt too wide) in alignment at lines 578--662
 [] [] [] [] [] 
 []

[68]
ignored error: Infinite glue shrinkage found in box being split [69] [70]
[71] [72]
Overfull \hbox (29.73503pt too wide) in paragraph at lines 793--798
\T1/cmr/m/n/12 es-tá con-fi-gu-ra-da co-mo hy-per-ta-ble de Ti-mes-ca-leDB. Las
 ta-blas \T1/cmtt/m/n/12 sensor_data \T1/cmr/m/n/12 y \T1/cmtt/m/n/12 sensor_gp
s\T1/cmr/m/n/12 ,
 []

[73]
Underfull \hbox (badness 1803) in paragraph at lines 896--896
[]|\T1/cmr/m/n/12 React 19, Ty-peS-cript, Vi-te 5, Tail-wind CSS 3,
 []

[74]
Underfull \hbox (badness 6078) in paragraph at lines 920--920
\T1/cmr/m/n/12 Ti-mes-ca-leDB (op-cio-nal), ws, Swag-ger/OpenAPI,
 []

) (section/7_Spectral-localization_cloud.tex [75]
Cap\'{\i }tulo 7.
[76

] [77] [78] [79] [80] [81] [82] [83] [84] [85] [86]
Overfull \hbox (59.36168pt too wide) in paragraph at lines 255--255
[]\T1/cmr/bx/n/17.28 9. Com-pa-ra-ción con-tra li-cen-cias y uso de DA-NE/munic
ipio 
 []

[87]
Underfull \hbox (badness 1163) in paragraph at lines 279--279
[]|\T1/cmr/m/it/12 Criterio eva-lua-
 []


Underfull \hbox (badness 10000) in paragraph at lines 279--279
[]|\T1/cmr/m/it/12 Frecuencia
 []


Underfull \hbox (badness 10000) in paragraph at lines 279--279
\T1/cmr/m/it/12 Cen-tral (Cum-
 []


Underfull \hbox (badness 10000) in paragraph at lines 279--279
[]|$\OMS/cmsy/m/n/12 j\OML/cmm/m/it/12 f[] \OMS/cmsy/m/n/12 ^^@
 []


Underfull \hbox (badness 10000) in paragraph at lines 279--279
\OML/cmm/m/it/12 f[]\OMS/cmsy/m/n/12 j \OML/cmm/m/it/12 <
 []


Overfull \hbox (19.9477pt too wide) in paragraph at lines 279--279
[]$| 
 []


Underfull \hbox (badness 10000) in paragraph at lines 279--279
[]|$[][] \OMS/cmsy/m/n/12 ^^T
 []


Underfull \hbox (badness 10000) in paragraph at lines 279--279
[][] \OT1/cmr/m/n/12 +
 []


Overfull \hbox (22.8803pt too wide) in paragraph at lines 279--279
[]$| 
 []

[88]
Underfull \hbox (badness 1655) in paragraph at lines 305--305
\T1/cmr/m/it/12 co-mo un pa-rá-me-tro de
 []


Underfull \hbox (badness 1895) in paragraph at lines 305--305
[]|\T1/cmr/m/it/12 Consola (CLI)
 []


Underfull \hbox (badness 1546) in paragraph at lines 305--305
[]|\T1/cmr/m/it/12 Se es-pe-ci-fi-ca de ma-ne-
 []


Underfull \hbox (badness 1389) in paragraph at lines 305--305
[]|\T1/cmr/m/it/12 El bac-kend cen-tra-li-za-do
 []


Underfull \hbox (badness 10000) in paragraph at lines 305--305
\T1/cmr/m/it/12 cons-tru-ye un ob-je-to
 []


Underfull \hbox (badness 10000) in paragraph at lines 305--305
\T1/cmr/m/it/12 nom-bre del mu-ni-ci-pio
 []

[89] [90] [91]

Package hyperref Warning: Token not allowed in a PDF string (Unicode):
(hyperref)                removing `math shift' on input line 339.


Package hyperref Warning: Token not allowed in a PDF string (Unicode):
(hyperref)                removing `subscript' on input line 339.


Package hyperref Warning: Token not allowed in a PDF string (Unicode):
(hyperref)                removing `math shift' on input line 339.

[92] [93]
Underfull \hbox (badness 7704) in paragraph at lines 402--402
[]|\T1/cmr/m/it/12 Validar de for-ma ais-la-da las fun-cio-nes
 []


Underfull \hbox (badness 10000) in paragraph at lines 402--402
\T1/cmr/m/it/12 ma-te-má-ti-cas crí-ti-cas (co-mo la con-ver-
 []


Underfull \hbox (badness 3536) in paragraph at lines 402--402
\T1/cmr/m/it/12 sión de do-mi-nio lo-ga-rít-mi-co a li-neal en
 []


Underfull \hbox (badness 5652) in paragraph at lines 402--402
\T1/cmr/m/it/12 to_power_w(), o los cálcu-los del chan-
 []


Underfull \hbox (badness 1910) in paragraph at lines 402--402
[]|\T1/cmr/m/it/12 Simular la lle-ga-da con-cu-rren-te de cien-tos
 []


Underfull \hbox (badness 3209) in paragraph at lines 402--402
\T1/cmr/m/it/12 de cap-tu-ras por mi-nu-to a la API (ser-
 []

[94] [95] [96] [97] [98]) (section/8_Test_protocols_edge-cloud.tex [99]
[100

] [101] [102] [103]
ignored error: Infinite glue shrinkage found in box being split [104]
ignored error: Infinite glue shrinkage found in box being split [105]
ignored error: Infinite glue shrinkage found in box being split [106] [107]
[108] [109] [110] [111] [112] [113] [114] [115] [116] [117] [118] [119])
(section/9_System_integration.tex [120]
Cap\'{\i }tulo 9.
[121

]) (section/10_General_conclusions.tex [122]
Cap\'{\i }tulo 10.
) (section/11_Recommendations.tex [123

]
Cap\'{\i }tulo 11.
) (section/12_References.tex [124

]
Cap\'{\i }tulo 12.
) (section/A_IA-collaboration-technique.tex [125

]
Ap\'{e}ndice A.
[126

] [127]
<section/img/annexes/ai_structure.png, id=1980, 424.58624pt x 1107.13625pt>
File: section/img/annexes/ai_structure.png Graphic file (type png)
<use section/img/annexes/ai_structure.png>
Package pdftex.def Info: section/img/annexes/ai_structure.png  used on input li
ne 47.
(pdftex.def)             Requested size: 183.11914pt x 477.49525pt.
 [128 <./section/img/annexes/ai_structure.png>] [129]
Overfull \hbox (28.26015pt too wide) in paragraph at lines 106--106
[]|\T1/cmr/bx/n/12 Problema/Riesgo| 
 []


Overfull \hbox (17.60551pt too wide) in alignment at lines 103--108
 [] [] [] [] [] 
 []


Overfull \hbox (28.26015pt too wide) in paragraph at lines 110--110
[]|\T1/cmr/bx/n/12 Problema/Riesgo| 
 []


Overfull \hbox (17.60551pt too wide) in alignment at lines 108--112
 [] [] [] [] [] 
 []


Underfull \hbox (badness 10000) in paragraph at lines 113--113
[]|\T1/cmr/m/n/12 Librerías in-
 []


Underfull \hbox (badness 10000) in paragraph at lines 113--113
\T1/cmr/m/n/12 exis-ten-tes o
 []


Underfull \hbox (badness 6078) in paragraph at lines 113--113
[]|\T1/cmr/m/n/12 Validación cru-
 []


Underfull \hbox (badness 10000) in paragraph at lines 113--114
[]|\T1/cmr/m/n/12 Eliminación
 []


Underfull \hbox (badness 10000) in paragraph at lines 113--114
\T1/cmr/m/n/12 de erro-res
 []


Underfull \hbox (badness 3199) in paragraph at lines 115--115
[]|\T1/cmr/m/n/12 Riesgo de su-bir
 []


Underfull \hbox (badness 1874) in paragraph at lines 115--115
[]|\T1/cmr/m/n/12 Descuido en la
 []


Underfull \hbox (badness 10000) in paragraph at lines 115--115
\T1/cmr/m/n/12 pre-pa-ra-ción de
 []


Underfull \hbox (badness 10000) in paragraph at lines 115--115
[]|\T1/cmr/m/n/12 Uso de
 []


Underfull \hbox (badness 10000) in paragraph at lines 115--115
\T1/cmtt/m/n/12 .gitignore
 []


Underfull \hbox (badness 10000) in paragraph at lines 115--115
\T1/cmr/m/n/12 y lim-pie-za de
 []


Underfull \hbox (badness 10000) in paragraph at lines 115--116
[]|\T1/cmr/m/n/12 Integridad
 []


Underfull \hbox (badness 10000) in paragraph at lines 115--116
\T1/cmr/m/n/12 de se-cre-tos
 []


Underfull \hbox (badness 2512) in paragraph at lines 117--117
\T1/cmr/m/n/12 reas y re-vi-sión
 []


Underfull \hbox (badness 10000) in paragraph at lines 117--118
[]|\T1/cmr/m/n/12 Mantenimiento
 []


Overfull \hbox (17.60551pt too wide) in alignment at lines 112--119
 [] [] [] [] [] 
 []

[130]
<section/img/annexes/ai_roles.png, id=2000, 1681.28125pt x 1332.98pt>
File: section/img/annexes/ai_roles.png Graphic file (type png)
<use section/img/annexes/ai_roles.png>
Package pdftex.def Info: section/img/annexes/ai_roles.png  used on input line 1
31.
(pdftex.def)             Requested size: 366.24527pt x 290.36829pt.
) (section/B_Additional_diagrams.tex [131 <./section/img/annexes/ai_roles.png>]
 [132]
Ap\'{e}ndice B.
) (section/C_Manuals_guides.tex [133

]
Ap\'{e}ndice C.
) (section/D_Test_results.tex [134

]
Ap\'{e}ndice D.
) [135

] (main.aux
LaTeX Info: Redefining \. on input line 11.
LaTeX Info: Redefining \% on input line 11.
)
 ***********
LaTeX2e <2025-11-01>
L3 programming layer <2025-12-24>
 ***********
Package rerunfilecheck Info: File `main.out' has not changed.
(rerunfilecheck)             Checksum: 1E771C42F250AAEC55BC8F3C15386B36;51607.
 ) 
Here is how much of TeX's memory you used:
 16255 strings out of 467871
 258266 string characters out of 5424148
 732364 words of memory out of 5000000
 44286 multiletter control sequences out of 15000+600000
 651777 words of font info for 99 fonts, out of 8000000 for 9000
 1141 hyphenation exceptions out of 8191
 75i,13n,79p,815b,845s stack positions out of 10000i,1000n,20000p,200000b,200000s
 <C:\Users\mateo\AppData\Local\MiKTeX\fonts/pk/ljfour/jknappen/ec/dpi600\tcrm
1200.pk> <C:\Users\mateo\AppData\Local\MiKTeX\fonts/pk/ljfour/jknappen/ec/dpi60
0\ecit1200.pk> <C:\Users\mateo\AppData\Local\MiKTeX\fonts/pk/ljfour/jknappen/ec
/dpi600\ecbi1200.pk> <C:\Users\mateo\AppData\Local\MiKTeX\fonts/pk/ljfour/jknap
pen/ec/dpi600\ecbx0800.pk> <C:\Users\mateo\AppData\Local\MiKTeX\fonts/pk/ljfour
/jknappen/ec/dpi600\ecti1095.pk> <C:\Users\mateo\AppData\Local\MiKTeX\fonts/pk/
ljfour/jknappen/ec/dpi600\ecbx1095.pk> <C:\Users\mateo\AppData\Local\MiKTeX\fon
ts/pk/ljfour/jknappen/ec/dpi600\ecti1200.pk> <C:\Users\mateo\AppData\Local\MiKT
eX\fonts/pk/ljfour/jknappen/ec/dpi600\ectt1200.pk> <C:\Users\mateo\AppData\Loca
l\MiKTeX\fonts/pk/ljfour/jknappen/ec/dpi600\ecrm1095.pk> <C:\Users\mateo\AppDat
a\Local\MiKTeX\fonts/pk/ljfour/jknappen/ec/dpi600\ecrm0800.pk> <C:\Users\mateo\
AppData\Local\MiKTeX\fonts/pk/ljfour/jknappen/ec/dpi600\ecbx1440.pk> <C:\Users\
mateo\AppData\Local\MiKTeX\fonts/pk/ljfour/jknappen/ec/dpi600\ecbx1728.pk> <C:\
Users\mateo\AppData\Local\MiKTeX\fonts/pk/ljfour/jknappen/ec/dpi600\ecrm1200.pk
> <C:\Users\mateo\AppData\Local\MiKTeX\fonts/pk/ljfour/jknappen/ec/dpi600\ecbx1
200.pk> <C:\Users\mateo\AppData\Local\MiKTeX\fonts/pk/ljfour/jknappen/ec/dpi600
\ecbx2488.pk> <C:\Users\mateo\AppData\Local\MiKTeX\fonts/pk/ljfour/jknappen/ec/
dpi600\ecrm1440.pk> <C:\Users\mateo\AppData\Local\MiKTeX\fonts/pk/ljfour/jknapp
en/ec/dpi600\ecbx2074.pk><D:/wnOs/prgs/developTools/mikTex/fonts/type1/public/a
msfonts/cm/cmmi10.pfb><D:/wnOs/prgs/developTools/mikTex/fonts/type1/public/amsf
onts/cm/cmmi12.pfb><D:/wnOs/prgs/developTools/mikTex/fonts/type1/public/amsfont
s/cm/cmmi8.pfb><D:/wnOs/prgs/developTools/mikTex/fonts/type1/public/amsfonts/cm
/cmr12.pfb><D:/wnOs/prgs/developTools/mikTex/fonts/type1/public/amsfonts/cm/cmr
8.pfb><D:/wnOs/prgs/developTools/mikTex/fonts/type1/public/amsfonts/cm/cmsy10.p
fb><D:/wnOs/prgs/developTools/mikTex/fonts/type1/public/amsfonts/cm/cmsy6.pfb><
D:/wnOs/prgs/developTools/mikTex/fonts/type1/public/amsfonts/cm/cmsy8.pfb>
Output written on main.pdf (136 pages, 1383453 bytes).
PDF statistics:
 3051 PDF objects out of 3580 (max. 8388607)
 587 named destinations out of 1000 (max. 500000)
 1876 words of extra memory for PDF output out of 10000 (max. 10000000)

